john@example.com
sarah@example.com
<b>Tom <i>and</i> Jerry</b>!
<i>YAS</i>
<b>##<#{}#>##</b>
<u>works fine!</u>

My name is John. I am 25 years old!

My name is John. I am 26 years old!
