Hello, my full name is <b>John Smith</b>.
I am currently 47 years old, and by this time next year I will be 48 years old.
My email is john@example.com.

Do you know that 1 + 1 = 2? Yep.

Let's count: 1, 2, 3.
________<{}>
