Hello world
schweiss
|___beans___|
x
|   yesno   |
lowerUPPER
Left and Right
bsdfbsdfasdf
bsdfbsdfasdf
|answer|
ASDFσς
One Two Three
-0004

&lt;a&gt;
<a>
w6nDp+C4gQ==
éçก
w6nDp-C4gQ==
éçก


_one

_two
one

two
    three
abc def
gh ij kl
mn
abc...
abc def...
