    0, 1, 2 |yes|
    1, 2, 3 |yes|
    2, 3, 4 |yes|
    3, 4, 5 |yes|
    4, 5, 6 |yes|
    5, 6, 7 |no|
    6, 7, 8 |no|
    7, 8, 9 |no|
    8, 9, 10 |no|
    9, 10, 11 |no|
Apple is False.
Orange.Orange is True.
