

Hello, my full name is John Smith.
<b>John Smith is 48 years old.</b>


Do you know that 1 + 1 = 2?
