There are 4 i's in the word Mississippi.
There are 4 s's in the word Mississippi.
There are 2 p's in the word Mississippi.
