My name is John Smith and I am currently 24 years old.
My email is john@example.com or smith@example.com.
My age next year would be 25.

Do you know that 1 + 1 = 2?
1. Item one.
2. Item two.
3. Item three.
