The final exam is between 13:00&hairsp;â€“&hairsp;16:00.\
Hello.
